// Jest Snapshot v1, https://goo.gl/fbAQLP

exports[`Should render Repository correctly 1`] = `
<div
  className="sc-bdfBQB kkSnTO"
>
  <div
    className="sc-gsTEea hXCRma"
  >
    Repository name
  </div>
  <div
    className="sc-dlfnuX lehMsm"
  >
    Repository desc
  </div>
  <div
    className="sc-hKgJUU hGsbJj"
  >
    JavaScript
  </div>
</div>
`;
