// Jest Snapshot v1, https://goo.gl/fbAQLP

exports[`Should render RepositoryFilters correctly 1`] = `
<div
  className="sc-bdfBQB iGQBOf"
>
  <div
    className="sc-gsTEea hrfbDQ"
  >
    <input
      className="sc-dlfnuX hnjnem"
      onChange={[Function]}
      placeholder="Type a repo name..."
      type="text"
    />
  </div>
  <div>
    <select
      className="sc-hKgJUU dvWOdP"
      onChange={[Function]}
    >
      <option
        value=""
      >
        Language
      </option>
      <option
        value=""
      >
        All
      </option>
      <option
        value="javascript"
      >
        JavaScript
      </option>
      <option
        value="html"
      >
        HTML
      </option>
      <option
        value="typescript"
      >
        TypeScript
      </option>
      <option
        value="python"
      >
        Python
      </option>
      <option
        value="css"
      >
        CSS
      </option>
      <option
        value="c#"
      >
        C#
      </option>
      <option
        value="elixir"
      >
        Elixir
      </option>
      <option
        value="rust"
      >
        Rust
      </option>
      <option
        value="java"
      >
        Java
      </option>
      <option
        value="r"
      >
        R
      </option>
    </select>
  </div>
  <div>
    <select
      className="sc-hKgJUU dvWOdP"
    >
      <option
        value=""
      >
        Type
      </option>
      <option
        value=""
      >
        All
      </option>
      <option
        value=""
      >
        Fork
      </option>
      <option
        value=""
      >
        Archive
      </option>
      <option
        value=""
      >
        Source
      </option>
    </select>
  </div>
</div>
`;
