// Jest Snapshot v1, https://goo.gl/fbAQLP

exports[`Should render Sidebar correctly 1`] = `
<div
  className="sc-bdfBQB HHiyw"
>
  <div
    className="sc-gsTEea iFHbBD"
  >
    <div>
      <img
        alt="Profile picture"
        className="sc-hKgJUU hZFgcO"
        src="https://avatars.githubusercontent.com/u/12221606?v=4"
      />
    </div>
    <div>
      <h3>
        Erik Almaraz
      </h3>
      <p
        className="sc-dlfnuX ikmlYA"
      >
        greatelse
      </p>
    </div>
  </div>
  <div>
    Description test
  </div>
  <div>
    Location
  </div>
</div>
`;

exports[`Should render UserFinder correctly 1`] = `
Array [
  <div>
    <input
      className="sc-bdfBQB kVKBGV"
      onChange={[Function]}
      placeholder="Type a username..."
      type="text"
    />
  </div>,
  <div>
    <button
      className="sc-gsTEea ckPYpT"
      onClick={[Function]}
      type="submit"
    >
      Go!
    </button>
  </div>,
]
`;
