// Jest Snapshot v1, https://goo.gl/fbAQLP

exports[`Should render UserFinder correctly 1`] = `
<form
  className="sc-bdfBQB dHwVHg"
>
  <div>
    <input
      className="sc-gsTEea cPFUhi"
      onChange={[Function]}
      placeholder="Type a username..."
      type="text"
    />
  </div>
  <div>
    <button
      className="sc-dlfnuX dRlPXT"
      onClick={[Function]}
      type="submit"
    >
      Go!
    </button>
  </div>
</form>
`;
