// Jest Snapshot v1, https://goo.gl/fbAQLP

exports[`Should render UserFinder correctly 1`] = `
Array [
  <div>
    <input
      className="sc-bdfBQB kVKBGV"
      onChange={[Function]}
      placeholder="Type a username..."
      type="text"
    />
  </div>,
  <div>
    <button
      className="sc-gsTEea ckPYpT"
      onClick={[Function]}
      type="submit"
    >
      Go!
    </button>
  </div>,
]
`;
